Line 10: YES; x in [0, 127]
Line 13: YES; x in [128, 255]
Line 17: YES; y in [1, 2]
Line 18: YES; x in [1, 2]
