Line 17: YES; x in [10, 10] U [20, 20]
Line 18:  NO; x in [10, 10] U [20, 20]
Line 20: YES; x in [10, 10] U [20, 20] U [30, 30]
Line 21:  NO; x in [10, 10] U [20, 20] U [30, 30]
Line 25: YES; x in [10, 10] U [20, 20] U [30, 30] U [40, 40] U [50, 50]
