Line 25: YES; x in [79, 79]
Line 26: YES; l1 in [114, 114]
Line 27: YES; l2 in [51, 51]
Line 28: YES; l3 in [4, 4]
Line 29: YES; l4 in [19, 19]
Line 31:  NO; x in [79, 79]
Line 32:  NO; l1 in [114, 114]
Line 33:  NO; l2 in [51, 51]
Line 34:  NO; l3 in [4, 4]
Line 35:  NO; l4 in [19, 19]
