Line 5:  NO; y in [1, 255]
Line 13: YES; y in [0, 0]
