Line 6:  NO; x in [2, 10]
Line 9: YES; y in [45, 45]
