Line 10: YES; x in [64, 64]
Line 11:  NO; x in [64, 64]
Line 12: YES; x in [64, 64]
